// Jest Snapshot v1, https://goo.gl/fbAQLP

exports[`App matches snapshot 1`] = `
<div>
  <div
    class="sc-gKckTs gIgbJI"
  >
    Top 5 Daily
  </div>
  <div
    class="sc-hKwCoD jDkowu"
  >
    <div
      class="sc-eCImvq"
    >
      <a
        href="/login"
      >
        Log in
      </a>
       | 
      <a
        href="/signup"
      >
        Sign up
      </a>
    </div>
    <div
      class="sc-jRQAMF"
    />
  </div>
  <b>
    Loading...
  </b>
</div>
`;
