// Jest Snapshot v1, https://goo.gl/fbAQLP

exports[`App matches snapshot 1`] = `
<div>
  <div
    class="sc-eCImvq eFmfDu"
  >
    Top 5 Daily
  </div>
  <div
    class="sc-iCfLBT kRgVyw"
  >
    <div
      class="sc-furvIG"
    >
      <a
        href="/login"
      >
        Log in
      </a>
       | 
      <a
        href="/signup"
      >
        Sign up
      </a>
    </div>
    <div
      class="sc-pVTma"
    />
  </div>
  <div
    class="sc-gKckTs ldzOLX"
  >
    <b>
      Loading...
    </b>
  </div>
</div>
`;
