// Jest Snapshot v1, https://goo.gl/fbAQLP

exports[`NavigationBar snapshots authenticated 1`] = `
<div>
  <div
    class="sc-iCfLBT kRgVyw"
  >
    <div
      class="sc-furvIG"
    >
      <a
        href="/"
      >
        Home
      </a>
       | 
      <a
        href="/topics"
      >
        Topics
      </a>
       | 
      <a
        href="/add-topic"
      >
        Add Topic
      </a>
       | 
      <a
        href="/groups"
      >
        Groups
      </a>
       | 
      <a
        href="/add-group"
      >
        Add Group
      </a>
    </div>
    <div
      class="sc-pVTma"
    >
      <a
        href="/user-profile"
      >
        Profile
      </a>
       | 
      <a
        href=""
      >
        Logout
      </a>
    </div>
  </div>
</div>
`;

exports[`NavigationBar snapshots unauthenticated 1`] = `
<div
  className="sc-iCfLBT kRgVyw"
>
  <div
    className="sc-furvIG"
  >
    <a
      href="/login"
      onClick={[Function]}
    >
      Log in
    </a>
     | 
    <a
      href="/signup"
      onClick={[Function]}
    >
      Sign up
    </a>
  </div>
  <div
    className="sc-pVTma"
  />
</div>
`;
