// Jest Snapshot v1, https://goo.gl/fbAQLP

exports[`Routes matches snapshot 1`] = `
Array [
  <div
    className="sc-hKwCoD jDkowu"
  >
    <div
      className="sc-eCImvq"
    >
      <a
        href="/login"
        onClick={[Function]}
      >
        Log in
      </a>
       | 
      <a
        href="/signup"
        onClick={[Function]}
      >
        Sign up
      </a>
    </div>
    <div
      className="sc-jRQAMF"
    />
  </div>,
  <h1>
    Home
  </h1>,
]
`;
